Archive member included to satisfy reference by file (symbol)

/opt/st/stm32cubeide_1.19.0/plugins/com.st.stm32cube.ide.mcu.externaltools.gnu-tools-for-stm32.13.3.rel1.linux64_1.0.0.202410170706/tools/bin/../lib/gcc/arm-none-eabi/13.3.1/../../../../arm-none-eabi/lib/thumb/v7-m/nofp/libc_nano.a(libc_a-exit.o)
                              /opt/st/stm32cubeide_1.19.0/plugins/com.st.stm32cube.ide.mcu.externaltools.gnu-tools-for-stm32.13.3.rel1.linux64_1.0.0.202410170706/tools/bin/../lib/gcc/arm-none-eabi/13.3.1/../../../../arm-none-eabi/lib/thumb/v7-m/nofp/crt0.o (exit)
/opt/st/stm32cubeide_1.19.0/plugins/com.st.stm32cube.ide.mcu.externaltools.gnu-tools-for-stm32.13.3.rel1.linux64_1.0.0.202410170706/tools/bin/../lib/gcc/arm-none-eabi/13.3.1/../../../../arm-none-eabi/lib/thumb/v7-m/nofp/libc_nano.a(libc_a-findfp.o)
                              /opt/st/stm32cubeide_1.19.0/plugins/com.st.stm32cube.ide.mcu.externaltools.gnu-tools-for-stm32.13.3.rel1.linux64_1.0.0.202410170706/tools/bin/../lib/gcc/arm-none-eabi/13.3.1/../../../../arm-none-eabi/lib/thumb/v7-m/nofp/libc_nano.a(libc_a-exit.o) (__stdio_exit_handler)
/opt/st/stm32cubeide_1.19.0/plugins/com.st.stm32cube.ide.mcu.externaltools.gnu-tools-for-stm32.13.3.rel1.linux64_1.0.0.202410170706/tools/bin/../lib/gcc/arm-none-eabi/13.3.1/../../../../arm-none-eabi/lib/thumb/v7-m/nofp/libc_nano.a(libc_a-fwalk.o)
                              /opt/st/stm32cubeide_1.19.0/plugins/com.st.stm32cube.ide.mcu.externaltools.gnu-tools-for-stm32.13.3.rel1.linux64_1.0.0.202410170706/tools/bin/../lib/gcc/arm-none-eabi/13.3.1/../../../../arm-none-eabi/lib/thumb/v7-m/nofp/libc_nano.a(libc_a-findfp.o) (_fwalk_sglue)
/opt/st/stm32cubeide_1.19.0/plugins/com.st.stm32cube.ide.mcu.externaltools.gnu-tools-for-stm32.13.3.rel1.linux64_1.0.0.202410170706/tools/bin/../lib/gcc/arm-none-eabi/13.3.1/../../../../arm-none-eabi/lib/thumb/v7-m/nofp/libc_nano.a(libc_a-stdio.o)
                              /opt/st/stm32cubeide_1.19.0/plugins/com.st.stm32cube.ide.mcu.externaltools.gnu-tools-for-stm32.13.3.rel1.linux64_1.0.0.202410170706/tools/bin/../lib/gcc/arm-none-eabi/13.3.1/../../../../arm-none-eabi/lib/thumb/v7-m/nofp/libc_nano.a(libc_a-findfp.o) (__sread)
/opt/st/stm32cubeide_1.19.0/plugins/com.st.stm32cube.ide.mcu.externaltools.gnu-tools-for-stm32.13.3.rel1.linux64_1.0.0.202410170706/tools/bin/../lib/gcc/arm-none-eabi/13.3.1/../../../../arm-none-eabi/lib/thumb/v7-m/nofp/libc_nano.a(libc_a-memset.o)
                              /opt/st/stm32cubeide_1.19.0/plugins/com.st.stm32cube.ide.mcu.externaltools.gnu-tools-for-stm32.13.3.rel1.linux64_1.0.0.202410170706/tools/bin/../lib/gcc/arm-none-eabi/13.3.1/../../../../arm-none-eabi/lib/thumb/v7-m/nofp/crt0.o (memset)
/opt/st/stm32cubeide_1.19.0/plugins/com.st.stm32cube.ide.mcu.externaltools.gnu-tools-for-stm32.13.3.rel1.linux64_1.0.0.202410170706/tools/bin/../lib/gcc/arm-none-eabi/13.3.1/../../../../arm-none-eabi/lib/thumb/v7-m/nofp/libc_nano.a(libc_a-closer.o)
                              /opt/st/stm32cubeide_1.19.0/plugins/com.st.stm32cube.ide.mcu.externaltools.gnu-tools-for-stm32.13.3.rel1.linux64_1.0.0.202410170706/tools/bin/../lib/gcc/arm-none-eabi/13.3.1/../../../../arm-none-eabi/lib/thumb/v7-m/nofp/libc_nano.a(libc_a-stdio.o) (_close_r)
/opt/st/stm32cubeide_1.19.0/plugins/com.st.stm32cube.ide.mcu.externaltools.gnu-tools-for-stm32.13.3.rel1.linux64_1.0.0.202410170706/tools/bin/../lib/gcc/arm-none-eabi/13.3.1/../../../../arm-none-eabi/lib/thumb/v7-m/nofp/libc_nano.a(libc_a-reent.o)
                              /opt/st/stm32cubeide_1.19.0/plugins/com.st.stm32cube.ide.mcu.externaltools.gnu-tools-for-stm32.13.3.rel1.linux64_1.0.0.202410170706/tools/bin/../lib/gcc/arm-none-eabi/13.3.1/../../../../arm-none-eabi/lib/thumb/v7-m/nofp/libc_nano.a(libc_a-closer.o) (errno)
/opt/st/stm32cubeide_1.19.0/plugins/com.st.stm32cube.ide.mcu.externaltools.gnu-tools-for-stm32.13.3.rel1.linux64_1.0.0.202410170706/tools/bin/../lib/gcc/arm-none-eabi/13.3.1/../../../../arm-none-eabi/lib/thumb/v7-m/nofp/libc_nano.a(libc_a-impure.o)
                              /opt/st/stm32cubeide_1.19.0/plugins/com.st.stm32cube.ide.mcu.externaltools.gnu-tools-for-stm32.13.3.rel1.linux64_1.0.0.202410170706/tools/bin/../lib/gcc/arm-none-eabi/13.3.1/../../../../arm-none-eabi/lib/thumb/v7-m/nofp/libc_nano.a(libc_a-reent.o) (_impure_ptr)
/opt/st/stm32cubeide_1.19.0/plugins/com.st.stm32cube.ide.mcu.externaltools.gnu-tools-for-stm32.13.3.rel1.linux64_1.0.0.202410170706/tools/bin/../lib/gcc/arm-none-eabi/13.3.1/../../../../arm-none-eabi/lib/thumb/v7-m/nofp/libc_nano.a(libc_a-lseekr.o)
                              /opt/st/stm32cubeide_1.19.0/plugins/com.st.stm32cube.ide.mcu.externaltools.gnu-tools-for-stm32.13.3.rel1.linux64_1.0.0.202410170706/tools/bin/../lib/gcc/arm-none-eabi/13.3.1/../../../../arm-none-eabi/lib/thumb/v7-m/nofp/libc_nano.a(libc_a-stdio.o) (_lseek_r)
[...]
Memory Configuration

Name             Origin             Length             Attributes
RAM              0x20000000         0x00010000         xrw
FLASH            0x08000000         0x00040000         xr
*default*        0x00000000         0xffffffff

Linker script and memory map

LOAD /opt/st/stm32cubeide_1.19.0/plugins/com.st.stm32cube.ide.mcu.externaltools.gnu-tools-for-stm32.13.3.rel1.linux64_1.0.0.202410170706/tools/bin/../lib/gcc/arm-none-eabi/13.3.1/thumb/v7-m/nofp/crti.o
LOAD /opt/st/stm32cubeide_1.19.0/plugins/com.st.stm32cube.ide.mcu.externaltools.gnu-tools-for-stm32.13.3.rel1.linux64_1.0.0.202410170706/tools/bin/../lib/gcc/arm-none-eabi/13.3.1/thumb/v7-m/nofp/crtbegin.o
LOAD /opt/st/stm32cubeide_1.19.0/plugins/com.st.stm32cube.ide.mcu.externaltools.gnu-tools-for-stm32.13.3.rel1.linux64_1.0.0.202410170706/tools/bin/../lib/gcc/arm-none-eabi/13.3.1/../../../../arm-none-eabi/lib/thumb/v7-m/nofp/crt0.o
LOAD ./Core/Lib/Fonts/font12.o
LOAD ./Core/Lib/Fonts/font16.o
LOAD ./Core/Lib/Fonts/font20.o
LOAD ./Core/Lib/Fonts/font24.o
LOAD ./Core/Lib/Fonts/font8.o
LOAD ./Core/Lib/ili9341/ili9325.o
LOAD ./Core/Lib/stm32f1xx/lcd_io_gpio16.o
LOAD ./Core/Src/main.o
LOAD ./Core/Src/stm32f1xx_hal_msp.o
LOAD ./Core/Src/stm32f1xx_it.o
LOAD ./Core/Src/syscalls.o
LOAD ./Core/Src/sysmem.o
LOAD ./Core/Src/system_stm32f1xx.o
LOAD ./Core/Startup/startup_stm32f107vctx.o
LOAD ./Drivers/STM32F1xx_HAL_Driver/Src/stm32f1xx_hal.o
LOAD ./Drivers/STM32F1xx_HAL_Driver/Src/stm32f1xx_hal_cortex.o
LOAD ./Drivers/STM32F1xx_HAL_Driver/Src/stm32f1xx_hal_dma.o
LOAD ./Drivers/STM32F1xx_HAL_Driver/Src/stm32f1xx_hal_exti.o
LOAD ./Drivers/STM32F1xx_HAL_Driver/Src/stm32f1xx_hal_flash.o
LOAD ./Drivers/STM32F1xx_HAL_Driver/Src/stm32f1xx_hal_flash_ex.o
LOAD ./Drivers/STM32F1xx_HAL_Driver/Src/stm32f1xx_hal_gpio.o
LOAD ./Drivers/STM32F1xx_HAL_Driver/Src/stm32f1xx_hal_gpio_ex.o
LOAD ./Drivers/STM32F1xx_HAL_Driver/Src/stm32f1xx_hal_pwr.o
LOAD ./Drivers/STM32F1xx_HAL_Driver/Src/stm32f1xx_hal_rcc.o
LOAD ./Drivers/STM32F1xx_HAL_Driver/Src/stm32f1xx_hal_rcc_ex.o
START GROUP
LOAD /opt/st/stm32cubeide_1.19.0/plugins/com.st.stm32cube.ide.mcu.externaltools.gnu-tools-for-stm32.13.3.rel1.linux64_1.0.0.202410170706/tools/bin/../lib/gcc/arm-none-eabi/13.3.1/../../../../arm-none-eabi/lib/thumb/v7-m/nofp/libc_nano.a
LOAD /opt/st/stm32cubeide_1.19.0/plugins/com.st.stm32cube.ide.mcu.externaltools.gnu-tools-for-stm32.13.3.rel1.linux64_1.0.0.202410170706/tools/bin/../lib/gcc/arm-none-eabi/13.3.1/../../../../arm-none-eabi/lib/thumb/v7-m/nofp/libm.a
END GROUP
START GROUP
LOAD /opt/st/stm32cubeide_1.19.0/plugins/com.st.stm32cube.ide.mcu.externaltools.gnu-tools-for-stm32.13.3.rel1.linux64_1.0.0.202410170706/tools/bin/../lib/gcc/arm-none-eabi/13.3.1/thumb/v7-m/nofp/libgcc.a
LOAD /opt/st/stm32cubeide_1.19.0/plugins/com.st.stm32cube.ide.mcu.externaltools.gnu-tools-for-stm32.13.3.rel1.linux64_1.0.0.202410170706/tools/bin/../lib/gcc/arm-none-eabi/13.3.1/../../../../arm-none-eabi/lib/thumb/v7-m/nofp/libc_nano.a
END GROUP
START GROUP
LOAD /opt/st/stm32cubeide_1.19.0/plugins/com.st.stm32cube.ide.mcu.externaltools.gnu-tools-for-stm32.13.3.rel1.linux64_1.0.0.202410170706/tools/bin/../lib/gcc/arm-none-eabi/13.3.1/thumb/v7-m/nofp/libgcc.a
LOAD /opt/st/stm32cubeide_1.19.0/plugins/com.st.stm32cube.ide.mcu.externaltools.gnu-tools-for-stm32.13.3.rel1.linux64_1.0.0.202410170706/tools/bin/../lib/gcc/arm-none-eabi/13.3.1/../../../../arm-none-eabi/lib/thumb/v7-m/nofp/libc_nano.a
LOAD /opt/st/stm32cubeide_1.19.0/plugins/com.st.stm32cube.ide.mcu.externaltools.gnu-tools-for-stm32.13.3.rel1.linux64_1.0.0.202410170706/tools/bin/../lib/gcc/arm-none-eabi/13.3.1/../../../../arm-none-eabi/lib/thumb/v7-m/nofp/libnosys.a
END GROUP
START GROUP
LOAD /opt/st/stm32cubeide_1.19.0/plugins/com.st.stm32cube.ide.mcu.externaltools.gnu-tools-for-stm32.13.3.rel1.linux64_1.0.0.202410170706/tools/bin/../lib/gcc/arm-none-eabi/13.3.1/thumb/v7-m/nofp/libgcc.a
LOAD /opt/st/stm32cubeide_1.19.0/plugins/com.st.stm32cube.ide.mcu.externaltools.gnu-tools-for-stm32.13.3.rel1.linux64_1.0.0.202410170706/tools/bin/../lib/gcc/arm-none-eabi/13.3.1/../../../../arm-none-eabi/lib/thumb/v7-m/nofp/libc_nano.a
LOAD /opt/st/stm32cubeide_1.19.0/plugins/com.st.stm32cube.ide.mcu.externaltools.gnu-tools-for-stm32.13.3.rel1.linux64_1.0.0.202410170706/tools/bin/../lib/gcc/arm-none-eabi/13.3.1/../../../../arm-none-eabi/lib/thumb/v7-m/nofp/libnosys.a
END GROUP
LOAD /opt/st/stm32cubeide_1.19.0/plugins/com.st.stm32cube.ide.mcu.externaltools.gnu-tools-for-stm32.13.3.rel1.linux64_1.0.0.202410170706/tools/bin/../lib/gcc/arm-none-eabi/13.3.1/thumb/v7-m/nofp/crtend.o
LOAD /opt/st/stm32cubeide_1.19.0/plugins/com.st.stm32cube.ide.mcu.externaltools.gnu-tools-for-stm32.13.3.rel1.linux64_1.0.0.202410170706/tools/bin/../lib/gcc/arm-none-eabi/13.3.1/thumb/v7-m/nofp/crtn.o
                0x20010000                        _estack = (ORIGIN (RAM) + LENGTH (RAM))
                0x00000200                        _Min_Heap_Size = 0x200
                0x00000400                        _Min_Stack_Size = 0x400

.isr_vector     0x08000000      0x1e4
                0x08000000                        . = ALIGN (0x4)
 *(.isr_vector)
 .isr_vector    0x08000000      0x1e4 ./Core/Startup/startup_stm32f107vctx.o
                0x08000000                g_pfnVectors
                0x080001e4                        . = ALIGN (0x4)

.text           0x080001e4     0x209c
                0x080001e4                        . = ALIGN (0x4)
 *(.text)
 .text          0x080001e4       0x40 /opt/st/stm32cubeide_1.19.0/plugins/com.st.stm32cube.ide.mcu.externaltools.gnu-tools-for-stm32.13.3.rel1.linux64_1.0.0.202410170706/tools/bin/../lib/gcc/arm-none-eabi/13.3.1/thumb/v7-m/nofp/crtbegin.o
 .text          0x08000224       0x30 /opt/st/stm32cubeide_1.19.0/plugins/com.st.stm32cube.ide.mcu.externaltools.gnu-tools-for-stm32.13.3.rel1.linux64_1.0.0.202410170706/tools/bin/../lib/gcc/arm-none-eabi/13.3.1/thumb/v7-m/nofp/libgcc.a(_aeabi_uldivmod.o)
                0x08000224                __aeabi_uldivmod
 .text          0x08000254      0x300 /opt/st/stm32cubeide_1.19.0/plugins/com.st.stm32cube.ide.mcu.externaltools.gnu-tools-for-stm32.13.3.rel1.linux64_1.0.0.202410170706/tools/bin/../lib/gcc/arm-none-eabi/13.3.1/thumb/v7-m/nofp/libgcc.a(_udivmoddi4.o)
                0x08000254                __udivmoddi4
 .text          0x08000554        0x4 /opt/st/stm32cubeide_1.19.0/plugins/com.st.stm32cube.ide.mcu.externaltools.gnu-tools-for-stm32.13.3.rel1.linux64_1.0.0.202410170706/tools/bin/../lib/gcc/arm-none-eabi/13.3.1/thumb/v7-m/nofp/libgcc.a(_dvmd_tls.o)
                0x08000554                __aeabi_ldiv0
                0x08000554                __aeabi_idiv0
 *(.text*)
 .text.ili9325_Init
                0x08000558      0x220 ./Core/Lib/ili9341/ili9325.o
                0x08000558                ili9325_Init
 .text.ili9325_WritePixel
                0x08000778       0x44 ./Core/Lib/ili9341/ili9325.o
                0x08000778                ili9325_WritePixel
 .text.ili9325_SetDisplayWindow
                0x080007bc       0x72 ./Core/Lib/ili9341/ili9325.o
                0x080007bc                ili9325_SetDisplayWindow
 .text.ili9325_FillRect
                0x0800082e       0x94 ./Core/Lib/ili9341/ili9325.o
                0x0800082e                ili9325_FillRect
 .text.LCD_IO_Delay
                0x080008c2       0x20 ./Core/Lib/stm32f1xx/lcd_io_gpio16.o
                0x080008c2                LCD_IO_Delay
 .text.LCD_Delay
                0x080008e2       0x16 ./Core/Lib/stm32f1xx/lcd_io_gpio16.o
                0x080008e2                LCD_Delay
 .text.LCD_IO_Bl_OnOff
                0x080008f8       0x2c ./Core/Lib/stm32f1xx/lcd_io_gpio16.o
                0x080008f8                LCD_IO_Bl_OnOff
 .text.LCD_IO_Init
                0x08000924       0xc0 ./Core/Lib/stm32f1xx/lcd_io_gpio16.o
                0x08000924                LCD_IO_Init
 .text.LCD_IO_WriteCmd16
                0x080009e4       0x60 ./Core/Lib/stm32f1xx/lcd_io_gpio16.o
                0x080009e4                LCD_IO_WriteCmd16
 .text.LCD_IO_WriteData16
                0x08000a44       0x50 ./Core/Lib/stm32f1xx/lcd_io_gpio16.o
                0x08000a44                LCD_IO_WriteData16
 .text.LCD_IO_WriteCmd16DataFill16
                0x08000a94       0x94 ./Core/Lib/stm32f1xx/lcd_io_gpio16.o
                0x08000a94                LCD_IO_WriteCmd16DataFill16
 .text.swap16   0x08000b28       0x2a ./Core/Src/main.o
 .text.DrawChar_1bpp
                0x08000b52      0x114 ./Core/Src/main.o
 .text.DrawString
                0x08000c66       0x6e ./Core/Src/main.o
                0x08000c66                DrawString
 .text.main     0x08000cd4      0x1d4 ./Core/Src/main.o
                0x08000cd4                main
 .text.SystemClock_Config
                0x08000ea8      0x138 ./Core/Src/main.o
                0x08000ea8                SystemClock_Config
 .text.MX_GPIO_Init
                0x08000fe0      0x150 ./Core/Src/main.o
 .text.Error_Handler
                0x08001130        0xc ./Core/Src/main.o
                0x08001130                Error_Handler
 .text.HAL_MspInit
                0x0800113c       0x64 ./Core/Src/stm32f1xx_hal_msp.o
                0x0800113c                HAL_MspInit
 .text.NMI_Handler
                0x080011a0        0x8 ./Core/Src/stm32f1xx_it.o
                0x080011a0                NMI_Handler
 .text.HardFault_Handler
                0x080011a8        0x8 ./Core/Src/stm32f1xx_it.o
                0x080011a8                HardFault_Handler
 .text.MemManage_Handler
                0x080011b0        0x8 ./Core/Src/stm32f1xx_it.o
                0x080011b0                MemManage_Handler
 .text.BusFault_Handler
                0x080011b8        0x8 ./Core/Src/stm32f1xx_it.o
                0x080011b8                BusFault_Handler
 .text.UsageFault_Handler
                0x080011c0        0x8 ./Core/Src/stm32f1xx_it.o
                0x080011c0                UsageFault_Handler
 .text.SVC_Handler
                0x080011c8        0xc ./Core/Src/stm32f1xx_it.o
                0x080011c8                SVC_Handler
 .text.DebugMon_Handler
                0x080011d4        0xc ./Core/Src/stm32f1xx_it.o
                0x080011d4                DebugMon_Handler
 .text.PendSV_Handler
                0x080011e0        0xc ./Core/Src/stm32f1xx_it.o
                0x080011e0                PendSV_Handler
 .text.SysTick_Handler
                0x080011ec        0xc ./Core/Src/stm32f1xx_it.o
                0x080011ec                SysTick_Handler
 .text.SystemInit
                0x080011f8        0xc ./Core/Src/system_stm32f1xx.o
                0x080011f8                SystemInit
 .text.Reset_Handler
                0x08001204       0x48 ./Core/Startup/startup_stm32f107vctx.o
                0x08001204                Reset_Handler
 .text.Default_Handler
                0x0800124c        0x2 ./Core/Startup/startup_stm32f107vctx.o
                0x0800124c                RTC_Alarm_IRQHandler
                0x0800124c                EXTI2_IRQHandler
                0x0800124c                TIM1_CC_IRQHandler
                0x0800124c                TIM6_IRQHandler
                0x0800124c                PVD_IRQHandler
                0x0800124c                CAN2_RX1_IRQHandler
                0x0800124c                EXTI3_IRQHandler
                0x0800124c                EXTI0_IRQHandler
                0x0800124c                I2C2_EV_IRQHandler
                0x0800124c                CAN1_RX0_IRQHandler
                0x0800124c                CAN2_SCE_IRQHandler
                0x0800124c                ADC1_2_IRQHandler
                0x0800124c                SPI1_IRQHandler
                0x0800124c                TAMPER_IRQHandler
                0x0800124c                CAN2_RX0_IRQHandler
                0x0800124c                DMA2_Channel2_IRQHandler
                0x0800124c                DMA1_Channel4_IRQHandler
                0x0800124c                USART3_IRQHandler
                0x0800124c                RTC_IRQHandler
                0x0800124c                DMA1_Channel7_IRQHandler
                0x0800124c                CAN1_RX1_IRQHandler
                0x0800124c                UART5_IRQHandler
                0x0800124c                TIM4_IRQHandler
                0x0800124c                DMA2_Channel1_IRQHandler
                0x0800124c                I2C1_EV_IRQHandler
                0x0800124c                DMA1_Channel6_IRQHandler
                0x0800124c                UART4_IRQHandler
                0x0800124c                DMA2_Channel4_IRQHandler
                0x0800124c                TIM3_IRQHandler
                0x0800124c                RCC_IRQHandler
                0x0800124c                TIM1_TRG_COM_IRQHandler
                0x0800124c                DMA1_Channel1_IRQHandler
                0x0800124c                Default_Handler
                0x0800124c                EXTI15_10_IRQHandler
                0x0800124c                TIM7_IRQHandler
                0x0800124c                CAN2_TX_IRQHandler
                0x0800124c                TIM5_IRQHandler
                0x0800124c                EXTI9_5_IRQHandler
                0x0800124c                ETH_WKUP_IRQHandler
                0x0800124c                SPI2_IRQHandler
                0x0800124c                CAN1_TX_IRQHandler
                0x0800124c                DMA2_Channel5_IRQHandler
                0x0800124c                DMA1_Channel5_IRQHandler
                0x0800124c                EXTI4_IRQHandler
                0x0800124c                DMA1_Channel3_IRQHandler
                0x0800124c                ETH_IRQHandler
                0x0800124c                TIM1_UP_IRQHandler
                0x0800124c                WWDG_IRQHandler
                0x0800124c                TIM2_IRQHandler
                0x0800124c                OTG_FS_WKUP_IRQHandler
                0x0800124c                TIM1_BRK_IRQHandler
                0x0800124c                EXTI1_IRQHandler
                0x0800124c                USART2_IRQHandler
                0x0800124c                I2C2_ER_IRQHandler
                0x0800124c                DMA1_Channel2_IRQHandler
                0x0800124c                CAN1_SCE_IRQHandler
                0x0800124c                FLASH_IRQHandler
                0x0800124c                USART1_IRQHandler
                0x0800124c                OTG_FS_IRQHandler
                0x0800124c                SPI3_IRQHandler
                0x0800124c                I2C1_ER_IRQHandler
                0x0800124c                DMA2_Channel3_IRQHandler
 *fill*         0x0800124e        0x2 
 .text.HAL_Init
                0x08001250       0x2c ./Drivers/STM32F1xx_HAL_Driver/Src/stm32f1xx_hal.o
                0x08001250                HAL_Init
 .text.HAL_InitTick
                0x0800127c       0x60 ./Drivers/STM32F1xx_HAL_Driver/Src/stm32f1xx_hal.o
                0x0800127c                HAL_InitTick
 .text.HAL_IncTick
                0x080012dc       0x24 ./Drivers/STM32F1xx_HAL_Driver/Src/stm32f1xx_hal.o
                0x080012dc                HAL_IncTick
 .text.HAL_GetTick
                0x08001300       0x14 ./Drivers/STM32F1xx_HAL_Driver/Src/stm32f1xx_hal.o
                0x08001300                HAL_GetTick
 .text.HAL_Delay
                0x08001314       0x48 ./Drivers/STM32F1xx_HAL_Driver/Src/stm32f1xx_hal.o
                0x08001314                HAL_Delay
 .text.__NVIC_SetPriorityGrouping
                0x0800135c       0x48 ./Drivers/STM32F1xx_HAL_Driver/Src/stm32f1xx_hal_cortex.o
 .text.__NVIC_GetPriorityGrouping
                0x080013a4       0x1c ./Drivers/STM32F1xx_HAL_Driver/Src/stm32f1xx_hal_cortex.o
 .text.__NVIC_SetPriority
                0x080013c0       0x54 ./Drivers/STM32F1xx_HAL_Driver/Src/stm32f1xx_hal_cortex.o
 .text.NVIC_EncodePriority
                0x08001414       0x64 ./Drivers/STM32F1xx_HAL_Driver/Src/stm32f1xx_hal_cortex.o
 .text.SysTick_Config
                0x08001478       0x44 ./Drivers/STM32F1xx_HAL_Driver/Src/stm32f1xx_hal_cortex.o
 .text.HAL_NVIC_SetPriorityGrouping
                0x080014bc       0x16 ./Drivers/STM32F1xx_HAL_Driver/Src/stm32f1xx_hal_cortex.o
                0x080014bc                HAL_NVIC_SetPriorityGrouping
 .text.HAL_NVIC_SetPriority
                0x080014d2       0x38 ./Drivers/STM32F1xx_HAL_Driver/Src/stm32f1xx_hal_cortex.o
                0x080014d2                HAL_NVIC_SetPriority
 .text.HAL_SYSTICK_Config
                0x0800150a       0x18 ./Drivers/STM32F1xx_HAL_Driver/Src/stm32f1xx_hal_cortex.o
                0x0800150a                HAL_SYSTICK_Config
 *fill*         0x08001522        0x2 
 .text.HAL_GPIO_Init
                0x08001524      0x308 ./Drivers/STM32F1xx_HAL_Driver/Src/stm32f1xx_hal_gpio.o
                0x08001524                HAL_GPIO_Init
 .text.HAL_GPIO_WritePin
                0x0800182c       0x30 ./Drivers/STM32F1xx_HAL_Driver/Src/stm32f1xx_hal_gpio.o
                0x0800182c                HAL_GPIO_WritePin
 .text.HAL_RCC_OscConfig
                0x0800185c      0x62c ./Drivers/STM32F1xx_HAL_Driver/Src/stm32f1xx_hal_rcc.o
                0x0800185c                HAL_RCC_OscConfig
 .text.HAL_RCC_ClockConfig
                0x08001e88      0x1d4 ./Drivers/STM32F1xx_HAL_Driver/Src/stm32f1xx_hal_rcc.o
                0x08001e88                HAL_RCC_ClockConfig
 .text.HAL_RCC_GetSysClockFreq
                0x0800205c      0x178 ./Drivers/STM32F1xx_HAL_Driver/Src/stm32f1xx_hal_rcc.o
                0x0800205c                HAL_RCC_GetSysClockFreq
 .text.RCC_Delay
                0x080021d4       0x3c ./Drivers/STM32F1xx_HAL_Driver/Src/stm32f1xx_hal_rcc.o
 .text.memset   0x08002210       0x10 /opt/st/stm32cubeide_1.19.0/plugins/com.st.stm32cube.ide.mcu.externaltools.gnu-tools-for-stm32.13.3.rel1.linux64_1.0.0.202410170706/tools/bin/../lib/gcc/arm-none-eabi/13.3.1/../../../../arm-none-eabi/lib/thumb/v7-m/nofp/libc_nano.a(libc_a-memset.o)
                0x08002210                memset
 .text.__libc_init_array
                0x08002220       0x48 /opt/st/stm32cubeide_1.19.0/plugins/com.st.stm32cube.ide.mcu.externaltools.gnu-tools-for-stm32.13.3.rel1.linux64_1.0.0.202410170706/tools/bin/../lib/gcc/arm-none-eabi/13.3.1/../../../../arm-none-eabi/lib/thumb/v7-m/nofp/libc_nano.a(libc_a-init.o)
                0x08002220                __libc_init_array
 *(.glue_7)
 .glue_7        0x08002268        0x0 linker stubs
 *(.glue_7t)
 .glue_7t       0x08002268        0x0 linker stubs
 *(.eh_frame)
 .eh_frame      0x08002268        0x0 /opt/st/stm32cubeide_1.19.0/plugins/com.st.stm32cube.ide.mcu.externaltools.gnu-tools-for-stm32.13.3.rel1.linux64_1.0.0.202410170706/tools/bin/../lib/gcc/arm-none-eabi/13.3.1/thumb/v7-m/nofp/crtbegin.o
 *(.init)
 .init          0x08002268        0x4 /opt/st/stm32cubeide_1.19.0/plugins/com.st.stm32cube.ide.mcu.externaltools.gnu-tools-for-stm32.13.3.rel1.linux64_1.0.0.202410170706/tools/bin/../lib/gcc/arm-none-eabi/13.3.1/thumb/v7-m/nofp/crti.o
                0x08002268                _init
 .init          0x0800226c        0x8 /opt/st/stm32cubeide_1.19.0/plugins/com.st.stm32cube.ide.mcu.externaltools.gnu-tools-for-stm32.13.3.rel1.linux64_1.0.0.202410170706/tools/bin/../lib/gcc/arm-none-eabi/13.3.1/thumb/v7-m/nofp/crtn.o
 *(.fini)
 .fini          0x08002274        0x4 /opt/st/stm32cubeide_1.19.0/plugins/com.st.stm32cube.ide.mcu.externaltools.gnu-tools-for-stm32.13.3.rel1.linux64_1.0.0.202410170706/tools/bin/../lib/gcc/arm-none-eabi/13.3.1/thumb/v7-m/nofp/crti.o
                0x08002274                _fini
 .fini          0x08002278        0x8 /opt/st/stm32cubeide_1.19.0/plugins/com.st.stm32cube.ide.mcu.externaltools.gnu-tools-for-stm32.13.3.rel1.linux64_1.0.0.202410170706/tools/bin/../lib/gcc/arm-none-eabi/13.3.1/thumb/v7-m/nofp/crtn.o
                0x08002280                        . = ALIGN (0x4)
                0x08002280                        _etext = .

.vfp11_veneer   0x08002280        0x0
 .vfp11_veneer  0x08002280        0x0 linker stubs

.v4_bx          0x08002280        0x0
 .v4_bx         0x08002280        0x0 linker stubs

.iplt           0x08002280        0x0
 .iplt          0x08002280        0x0 /opt/st/stm32cubeide_1.19.0/plugins/com.st.stm32cube.ide.mcu.externaltools.gnu-tools-for-stm32.13.3.rel1.linux64_1.0.0.202410170706/tools/bin/../lib/gcc/arm-none-eabi/13.3.1/thumb/v7-m/nofp/crtbegin.o

.rodata         0x08002280     0x1b10
                0x08002280                        . = ALIGN (0x4)
 *(.rodata)
 .rodata        0x08002280       0x25 ./Core/Src/main.o
 *(.rodata*)
 *fill*         0x080022a5        0x3 
 .rodata.Font24_Table
                0x080022a8     0x1ab8 ./Core/Lib/Fonts/font24.o
                0x080022a8                Font24_Table
 .rodata.AHBPrescTable
                0x08003d60       0x10 ./Core/Src/system_stm32f1xx.o
                0x08003d60                AHBPrescTable
 .rodata.aPLLMULFactorTable.1
                0x08003d70        0xe ./Drivers/STM32F1xx_HAL_Driver/Src/stm32f1xx_hal_rcc.o
 *fill*         0x08003d7e        0x2 
 .rodata.aPredivFactorTable.0
                0x08003d80       0x10 ./Drivers/STM32F1xx_HAL_Driver/Src/stm32f1xx_hal_rcc.o
                0x08003d90                        . = ALIGN (0x4)

.ARM.extab      0x08003d90        0x0
                0x08003d90                        . = ALIGN (0x4)
 *(.ARM.extab* .gnu.linkonce.armextab.*)
                0x08003d90                        . = ALIGN (0x4)

.ARM            0x08003d90        0x8
                0x08003d90                        . = ALIGN (0x4)
                0x08003d90                        __exidx_start = .
 *(.ARM.exidx*)
 .ARM.exidx     0x08003d90        0x8 /opt/st/stm32cubeide_1.19.0/plugins/com.st.stm32cube.ide.mcu.externaltools.gnu-tools-for-stm32.13.3.rel1.linux64_1.0.0.202410170706/tools/bin/../lib/gcc/arm-none-eabi/13.3.1/thumb/v7-m/nofp/libgcc.a(_udivmoddi4.o)
                0x08003d98                        __exidx_end = .
                0x08003d98                        . = ALIGN (0x4)

.preinit_array  0x08003d98        0x0
                0x08003d98                        . = ALIGN (0x4)
                0x08003d98                        PROVIDE (__preinit_array_start = .)
 *(.preinit_array*)
                0x08003d98                        PROVIDE (__preinit_array_end = .)
                0x08003d98                        . = ALIGN (0x4)

.init_array     0x08003d98        0x4
                0x08003d98                        . = ALIGN (0x4)
                0x08003d98                        PROVIDE (__init_array_start = .)
 *(SORT_BY_NAME(.init_array.*))
 *(.init_array*)
 .init_array    0x08003d98        0x4 /opt/st/stm32cubeide_1.19.0/plugins/com.st.stm32cube.ide.mcu.externaltools.gnu-tools-for-stm32.13.3.rel1.linux64_1.0.0.202410170706/tools/bin/../lib/gcc/arm-none-eabi/13.3.1/thumb/v7-m/nofp/crtbegin.o
                0x08003d9c                        PROVIDE (__init_array_end = .)
                0x08003d9c                        . = ALIGN (0x4)

.fini_array     0x08003d9c        0x4
                0x08003d9c                        . = ALIGN (0x4)
                [!provide]                        PROVIDE (__fini_array_start = .)
 *(SORT_BY_NAME(.fini_array.*))
 *(.fini_array*)
 .fini_array    0x08003d9c        0x4 /opt/st/stm32cubeide_1.19.0/plugins/com.st.stm32cube.ide.mcu.externaltools.gnu-tools-for-stm32.13.3.rel1.linux64_1.0.0.202410170706/tools/bin/../lib/gcc/arm-none-eabi/13.3.1/thumb/v7-m/nofp/crtbegin.o
                [!provide]                        PROVIDE (__fini_array_end = .)
                0x08003da0                        . = ALIGN (0x4)
                0x08003da0                        _sidata = LOADADDR (.data)

.rel.dyn        0x08003da0        0x0
 .rel.iplt      0x08003da0        0x0 /opt/st/stm32cubeide_1.19.0/plugins/com.st.stm32cube.ide.mcu.externaltools.gnu-tools-for-stm32.13.3.rel1.linux64_1.0.0.202410170706/tools/bin/../lib/gcc/arm-none-eabi/13.3.1/thumb/v7-m/nofp/crtbegin.o

.data           0x20000000       0x14 load address 0x08003da0
                0x20000000                        . = ALIGN (0x4)
                0x20000000                        _sdata = .
 *(.data)
 *(.data*)
 .data.Font24   0x20000000        0x8 ./Core/Lib/Fonts/font24.o
                0x20000000                Font24
 .data.SystemCoreClock
                0x20000008        0x4 ./Core/Src/system_stm32f1xx.o
                0x20000008                SystemCoreClock
 .data.uwTickPrio
                0x2000000c        0x4 ./Drivers/STM32F1xx_HAL_Driver/Src/stm32f1xx_hal.o
                0x2000000c                uwTickPrio
 .data.uwTickFreq
                0x20000010        0x1 ./Drivers/STM32F1xx_HAL_Driver/Src/stm32f1xx_hal.o
                0x20000010                uwTickFreq
 *(.RamFunc)
 *(.RamFunc*)
                0x20000014                        . = ALIGN (0x4)
 *fill*         0x20000011        0x3 
                0x20000014                        _edata = .

.igot.plt       0x20000014        0x0 load address 0x08003db4
 .igot.plt      0x20000014        0x0 /opt/st/stm32cubeide_1.19.0/plugins/com.st.stm32cube.ide.mcu.externaltools.gnu-tools-for-stm32.13.3.rel1.linux64_1.0.0.202410170706/tools/bin/../lib/gcc/arm-none-eabi/13.3.1/thumb/v7-m/nofp/crtbegin.o
                0x20000014                        . = ALIGN (0x4)

.bss            0x20000014       0x24 load address 0x08003db4
                0x20000014                        _sbss = .
                0x20000014                        __bss_start__ = _sbss
 *(.bss)
 .bss           0x20000014       0x1c /opt/st/stm32cubeide_1.19.0/plugins/com.st.stm32cube.ide.mcu.externaltools.gnu-tools-for-stm32.13.3.rel1.linux64_1.0.0.202410170706/tools/bin/../lib/gcc/arm-none-eabi/13.3.1/thumb/v7-m/nofp/crtbegin.o
 *(.bss*)
 .bss.Is_ili9325_Initialized
                0x20000030        0x1 ./Core/Lib/ili9341/ili9325.o
 *fill*         0x20000031        0x1 
 .bss.lcd_data16
                0x20000032        0x2 ./Core/Lib/stm32f1xx/lcd_io_gpio16.o
                0x20000032                lcd_data16
 .bss.uwTick    0x20000034        0x4 ./Drivers/STM32F1xx_HAL_Driver/Src/stm32f1xx_hal.o
                0x20000034                uwTick
 *(COMMON)
                0x20000038                        . = ALIGN (0x4)
                0x20000038                        _ebss = .
                0x20000038                        __bss_end__ = _ebss

._user_heap_stack
                0x20000038      0x600 load address 0x08003db4
                0x20000038                        . = ALIGN (0x8)
                [!provide]                        PROVIDE (end = .)
                0x20000038                        PROVIDE (_end = .)
                0x20000238                        . = (. + _Min_Heap_Size)
 *fill*         0x20000038      0x200 
                0x20000638                        . = (. + _Min_Stack_Size)
 *fill*         0x20000238      0x400 
                0x20000638                        . = ALIGN (0x8)

/DISCARD/
 libc.a(*)
 libm.a(*)
 libgcc.a(*)

.ARM.attributes
                0x00000000       0x29
 *(.ARM.attributes)
 .ARM.attributes
                0x00000000       0x1d /opt/st/stm32cubeide_1.19.0/plugins/com.st.stm32cube.ide.mcu.externaltools.gnu-tools-for-stm32.13.3.rel1.linux64_1.0.0.202410170706/tools/bin/../lib/gcc/arm-none-eabi/13.3.1/thumb/v7-m/nofp/crti.o
 .ARM.attributes
                0x0000001d       0x2d /opt/st/stm32cubeide_1.19.0/plugins/com.st.stm32cube.ide.mcu.externaltools.gnu-tools-for-stm32.13.3.rel1.linux64_1.0.0.202410170706/tools/bin/../lib/gcc/arm-none-eabi/13.3.1/thumb/v7-m/nofp/crtbegin.o
 .ARM.attributes
                0x0000004a       0x2d ./Core/Lib/Fonts/font24.o
 .ARM.attributes
                0x00000077       0x2d ./Core/Lib/ili9341/ili9325.o
 .ARM.attributes
                0x000000a4       0x2d ./Core/Lib/stm32f1xx/lcd_io_gpio16.o
 .ARM.attributes
                0x000000d1       0x2d ./Core/Src/main.o
 .ARM.attributes
                0x000000fe       0x2d ./Core/Src/stm32f1xx_hal_msp.o
 .ARM.attributes
                0x0000012b       0x2d ./Core/Src/stm32f1xx_it.o
 .ARM.attributes
                0x00000158       0x2d ./Core/Src/system_stm32f1xx.o
 .ARM.attributes
                0x00000185       0x21 ./Core/Startup/startup_stm32f107vctx.o
 .ARM.attributes
                0x000001a6       0x2d ./Drivers/STM32F1xx_HAL_Driver/Src/stm32f1xx_hal.o
 .ARM.attributes
                0x000001d3       0x2d ./Drivers/STM32F1xx_HAL_Driver/Src/stm32f1xx_hal_cortex.o
 .ARM.attributes
                0x00000200       0x2d ./Drivers/STM32F1xx_HAL_Driver/Src/stm32f1xx_hal_gpio.o
 .ARM.attributes
                0x0000022d       0x2d ./Drivers/STM32F1xx_HAL_Driver/Src/stm32f1xx_hal_rcc.o
 .ARM.attributes
                0x0000025a       0x2d /opt/st/stm32cubeide_1.19.0/plugins/com.st.stm32cube.ide.mcu.externaltools.gnu-tools-for-stm32.13.3.rel1.linux64_1.0.0.202410170706/tools/bin/../lib/gcc/arm-none-eabi/13.3.1/../../../../arm-none-eabi/lib/thumb/v7-m/nofp/libc_nano.a(libc_a-memset.o)
 .ARM.attributes
                0x00000287       0x2d /opt/st/stm32cubeide_1.19.0/plugins/com.st.stm32cube.ide.mcu.externaltools.gnu-tools-for-stm32.13.3.rel1.linux64_1.0.0.202410170706/tools/bin/../lib/gcc/arm-none-eabi/13.3.1/../../../../arm-none-eabi/lib/thumb/v7-m/nofp/libc_nano.a(libc_a-init.o)
 .ARM.attributes
                0x000002b4       0x1d /opt/st/stm32cubeide_1.19.0/plugins/com.st.stm32cube.ide.mcu.externaltools.gnu-tools-for-stm32.13.3.rel1.linux64_1.0.0.202410170706/tools/bin/../lib/gcc/arm-none-eabi/13.3.1/thumb/v7-m/nofp/libgcc.a(_aeabi_uldivmod.o)
 .ARM.attributes
                0x000002d1       0x2d /opt/st/stm32cubeide_1.19.0/plugins/com.st.stm32cube.ide.mcu.externaltools.gnu-tools-for-stm32.13.3.rel1.linux64_1.0.0.202410170706/tools/bin/../lib/gcc/arm-none-eabi/13.3.1/thumb/v7-m/nofp/libgcc.a(_udivmoddi4.o)
 .ARM.attributes
                0x000002fe       0x1d /opt/st/stm32cubeide_1.19.0/plugins/com.st.stm32cube.ide.mcu.externaltools.gnu-tools-for-stm32.13.3.rel1.linux64_1.0.0.202410170706/tools/bin/../lib/gcc/arm-none-eabi/13.3.1/thumb/v7-m/nofp/libgcc.a(_dvmd_tls.o)
 .ARM.attributes
                0x0000031b       0x1d /opt/st/stm32cubeide_1.19.0/plugins/com.st.stm32cube.ide.mcu.externaltools.gnu-tools-for-stm32.13.3.rel1.linux64_1.0.0.202410170706/tools/bin/../lib/gcc/arm-none-eabi/13.3.1/thumb/v7-m/nofp/crtn.o
OUTPUT(MKS-TFT32_L-V30-test.elf elf32-littlearm)
LOAD linker stubs
LOAD /opt/st/stm32cubeide_1.19.0/plugins/com.st.stm32cube.ide.mcu.externaltools.gnu-tools-for-stm32.13.3.rel1.linux64_1.0.0.202410170706/tools/bin/../lib/gcc/arm-none-eabi/13.3.1/../../../../arm-none-eabi/lib/thumb/v7-m/nofp/libc.a
LOAD /opt/st/stm32cubeide_1.19.0/plugins/com.st.stm32cube.ide.mcu.externaltools.gnu-tools-for-stm32.13.3.rel1.linux64_1.0.0.202410170706/tools/bin/../lib/gcc/arm-none-eabi/13.3.1/../../../../arm-none-eabi/lib/thumb/v7-m/nofp/libm.a
LOAD /opt/st/stm32cubeide_1.19.0/plugins/com.st.stm32cube.ide.mcu.externaltools.gnu-tools-for-stm32.13.3.rel1.linux64_1.0.0.202410170706/tools/bin/../lib/gcc/arm-none-eabi/13.3.1/thumb/v7-m/nofp/libgcc.a

.debug_info     0x00000000     0x3f91
 .debug_info    0x00000000      0x125 ./Core/Lib/Fonts/font24.o
 .debug_info    0x00000125      0x7bb ./Core/Lib/ili9341/ili9325.o
 .debug_info    0x000008e0      0x753 ./Core/Lib/stm32f1xx/lcd_io_gpio16.o
 .debug_info    0x00001033      0x8e0 ./Core/Src/main.o
 .debug_info    0x00001913      0x20b ./Core/Src/stm32f1xx_hal_msp.o
 .debug_info    0x00001b1e      0x113 ./Core/Src/stm32f1xx_it.o
 .debug_info    0x00001c31      0x257 ./Core/Src/system_stm32f1xx.o
 .debug_info    0x00001e88       0x30 ./Core/Startup/startup_stm32f107vctx.o
 .debug_info    0x00001eb8      0x78c ./Drivers/STM32F1xx_HAL_Driver/Src/stm32f1xx_hal.o
 .debug_info    0x00002644      0xaf3 ./Drivers/STM32F1xx_HAL_Driver/Src/stm32f1xx_hal_cortex.o
 .debug_info    0x00003137      0x5c5 ./Drivers/STM32F1xx_HAL_Driver/Src/stm32f1xx_hal_gpio.o
 .debug_info    0x000036fc      0x895 ./Drivers/STM32F1xx_HAL_Driver/Src/stm32f1xx_hal_rcc.o

.debug_abbrev   0x00000000     0x12aa
 .debug_abbrev  0x00000000       0xb1 ./Core/Lib/Fonts/font24.o
 .debug_abbrev  0x000000b1      0x1ae ./Core/Lib/ili9341/ili9325.o
 .debug_abbrev  0x0000025f      0x19a ./Core/Lib/stm32f1xx/lcd_io_gpio16.o
 .debug_abbrev  0x000003f9      0x2cf ./Core/Src/main.o
 .debug_abbrev  0x000006c8       0xdb ./Core/Src/stm32f1xx_hal_msp.o
 .debug_abbrev  0x000007a3       0x73 ./Core/Src/stm32f1xx_it.o
 .debug_abbrev  0x00000816      0x11a ./Core/Src/system_stm32f1xx.o
 .debug_abbrev  0x00000930       0x24 ./Core/Startup/startup_stm32f107vctx.o
 .debug_abbrev  0x00000954      0x201 ./Drivers/STM32F1xx_HAL_Driver/Src/stm32f1xx_hal.o
 .debug_abbrev  0x00000b55      0x2f8 ./Drivers/STM32F1xx_HAL_Driver/Src/stm32f1xx_hal_cortex.o
 .debug_abbrev  0x00000e4d      0x1ca ./Drivers/STM32F1xx_HAL_Driver/Src/stm32f1xx_hal_gpio.o
 .debug_abbrev  0x00001017      0x293 ./Drivers/STM32F1xx_HAL_Driver/Src/stm32f1xx_hal_rcc.o

.debug_aranges  0x00000000      0x558
 .debug_aranges
                0x00000000       0x18 ./Core/Lib/Fonts/font24.o
 .debug_aranges
                0x00000018       0xa0 ./Core/Lib/ili9341/ili9325.o
 .debug_aranges
                0x000000b8       0xb8 ./Core/Lib/stm32f1xx/lcd_io_gpio16.o
 .debug_aranges
                0x00000170       0x50 ./Core/Src/main.o
 .debug_aranges
                0x000001c0       0x20 ./Core/Src/stm32f1xx_hal_msp.o
 .debug_aranges
                0x000001e0       0x60 ./Core/Src/stm32f1xx_it.o
 .debug_aranges
                0x00000240       0x28 ./Core/Src/system_stm32f1xx.o
 .debug_aranges
                0x00000268       0x28 ./Core/Startup/startup_stm32f107vctx.o
 .debug_aranges
                0x00000290       0xe0 ./Drivers/STM32F1xx_HAL_Driver/Src/stm32f1xx_hal.o
 .debug_aranges
                0x00000370      0x100 ./Drivers/STM32F1xx_HAL_Driver/Src/stm32f1xx_hal_cortex.o
 .debug_aranges
                0x00000470       0x58 ./Drivers/STM32F1xx_HAL_Driver/Src/stm32f1xx_hal_gpio.o
 .debug_aranges
                0x000004c8       0x90 ./Drivers/STM32F1xx_HAL_Driver/Src/stm32f1xx_hal_rcc.o

.debug_macro    0x00000000    0x1d437
 .debug_macro   0x00000000       0x73 ./Core/Lib/Fonts/font24.o
 .debug_macro   0x00000073      0x35e ./Core/Lib/ili9341/ili9325.o
 .debug_macro   0x000003d1      0x20f ./Core/Lib/ili9341/ili9325.o
 .debug_macro   0x000005e0       0x2e ./Core/Lib/ili9341/ili9325.o
 .debug_macro   0x0000060e       0x22 ./Core/Lib/ili9341/ili9325.o
 .debug_macro   0x00000630       0x1c ./Core/Lib/ili9341/ili9325.o
 .debug_macro   0x0000064c       0x22 ./Core/Lib/ili9341/ili9325.o
 .debug_macro   0x0000066e       0xbd ./Core/Lib/ili9341/ili9325.o
 .debug_macro   0x0000072b      0xd23 ./Core/Lib/ili9341/ili9325.o
 .debug_macro   0x0000144e    0x15c59 ./Core/Lib/ili9341/ili9325.o
 .debug_macro   0x000170a7       0x6d ./Core/Lib/ili9341/ili9325.o
 .debug_macro   0x00017114     0x34a2 ./Core/Lib/ili9341/ili9325.o
 .debug_macro   0x0001a5b6      0x190 ./Core/Lib/ili9341/ili9325.o
 .debug_macro   0x0001a746       0x5c ./Core/Lib/ili9341/ili9325.o
 .debug_macro   0x0001a7a2      0x5bc ./Core/Lib/ili9341/ili9325.o
 .debug_macro   0x0001ad5e      0x6b4 ./Core/Lib/ili9341/ili9325.o
 .debug_macro   0x0001b412      0x1cb ./Core/Lib/ili9341/ili9325.o
 .debug_macro   0x0001b5dd      0x114 ./Core/Lib/ili9341/ili9325.o
 .debug_macro   0x0001b6f1      0x214 ./Core/Lib/ili9341/ili9325.o
 .debug_macro   0x0001b905       0x27 ./Core/Lib/ili9341/ili9325.o
 .debug_macro   0x0001b92c      0x13c ./Core/Lib/ili9341/ili9325.o
 .debug_macro   0x0001ba68      0x1bc ./Core/Lib/ili9341/ili9325.o
 .debug_macro   0x0001bc24       0x30 ./Core/Lib/ili9341/ili9325.o
 .debug_macro   0x0001bc54       0x3c ./Core/Lib/ili9341/ili9325.o
 .debug_macro   0x0001bc90       0x57 ./Core/Lib/ili9341/ili9325.o
 .debug_macro   0x0001bce7       0x87 ./Core/Lib/ili9341/ili9325.o
 .debug_macro   0x0001bd6e      0x24f ./Core/Lib/ili9341/ili9325.o
 .debug_macro   0x0001bfbd      0x140 ./Core/Lib/ili9341/ili9325.o
 .debug_macro   0x0001c0fd       0xdf ./Core/Lib/ili9341/ili9325.o
 .debug_macro   0x0001c1dc      0x100 ./Core/Lib/ili9341/ili9325.o
 .debug_macro   0x0001c2dc       0x10 ./Core/Lib/ili9341/ili9325.o
 .debug_macro   0x0001c2ec       0x40 ./Core/Lib/ili9341/ili9325.o
 .debug_macro   0x0001c32c      0x33f ./Core/Lib/stm32f1xx/lcd_io_gpio16.o
 .debug_macro   0x0001c66b       0x9a ./Core/Lib/stm32f1xx/lcd_io_gpio16.o
 .debug_macro   0x0001c705      0x1bd ./Core/Src/main.o
 .debug_macro   0x0001c8c2       0x10 ./Core/Src/main.o
 .debug_macro   0x0001c8d2      0x193 ./Core/Src/stm32f1xx_hal_msp.o
 .debug_macro   0x0001ca65      0x19d ./Core/Src/stm32f1xx_it.o
 .debug_macro   0x0001cc02      0x184 ./Core/Src/system_stm32f1xx.o
 .debug_macro   0x0001cd86      0x1a8 ./Drivers/STM32F1xx_HAL_Driver/Src/stm32f1xx_hal.o
 .debug_macro   0x0001cf2e      0x184 ./Drivers/STM32F1xx_HAL_Driver/Src/stm32f1xx_hal_cortex.o
 .debug_macro   0x0001d0b2      0x1ef ./Drivers/STM32F1xx_HAL_Driver/Src/stm32f1xx_hal_gpio.o
 .debug_macro   0x0001d2a1      0x196 ./Drivers/STM32F1xx_HAL_Driver/Src/stm32f1xx_hal_rcc.o

.debug_line     0x00000000     0x63bf
 .debug_line    0x00000000      0x34a ./Core/Lib/Fonts/font24.o
 .debug_line    0x0000034a      0xc1f ./Core/Lib/ili9341/ili9325.o
 .debug_line    0x00000f69      0xb4e ./Core/Lib/stm32f1xx/lcd_io_gpio16.o
 .debug_line    0x00001ab7      0xa6e ./Core/Src/main.o
 .debug_line    0x00002525      0x5f9 ./Core/Src/stm32f1xx_hal_msp.o
 .debug_line    0x00002b1e      0x6a7 ./Core/Src/stm32f1xx_it.o
 .debug_line    0x000031c5      0x6ae ./Core/Src/system_stm32f1xx.o
 .debug_line    0x00003873       0x78 ./Core/Startup/startup_stm32f107vctx.o
 .debug_line    0x000038eb      0x8aa ./Drivers/STM32F1xx_HAL_Driver/Src/stm32f1xx_hal.o
 .debug_line    0x00004195      0xa72 ./Drivers/STM32F1xx_HAL_Driver/Src/stm32f1xx_hal_cortex.o
 .debug_line    0x00004c07      0x905 ./Drivers/STM32F1xx_HAL_Driver/Src/stm32f1xx_hal_gpio.o
 .debug_line    0x0000550c      0xeb3 ./Drivers/STM32F1xx_HAL_Driver/Src/stm32f1xx_hal_rcc.o

.debug_str      0x00000000    0xadcc1
 .debug_str     0x00000000    0xadcc1 ./Core/Lib/Fonts/font24.o
                               0x3df6 (size before relaxing)
 .debug_str     0x000adcc1    0xabf48 ./Core/Lib/ili9341/ili9325.o
 .debug_str     0x000adcc1    0xabefc ./Core/Lib/stm32f1xx/lcd_io_gpio16.o
 .debug_str     0x000adcc1    0xab84b ./Core/Src/main.o
 .debug_str     0x000adcc1    0xab17f ./Core/Src/stm32f1xx_hal_msp.o
 .debug_str     0x000adcc1    0xab186 ./Core/Src/stm32f1xx_it.o
 .debug_str     0x000adcc1    0xaae84 ./Core/Src/system_stm32f1xx.o
 .debug_str     0x000adcc1       0x88 ./Core/Startup/startup_stm32f107vctx.o
 .debug_str     0x000adcc1    0xab675 ./Drivers/STM32F1xx_HAL_Driver/Src/stm32f1xx_hal.o
 .debug_str     0x000adcc1    0xab5b3 ./Drivers/STM32F1xx_HAL_Driver/Src/stm32f1xx_hal_cortex.o
 .debug_str     0x000adcc1    0xab1dd ./Drivers/STM32F1xx_HAL_Driver/Src/stm32f1xx_hal_gpio.o
 .debug_str     0x000adcc1    0xab2f3 ./Drivers/STM32F1xx_HAL_Driver/Src/stm32f1xx_hal_rcc.o

.comment        0x00000000       0x43
 .comment       0x00000000       0x43 ./Core/Lib/Fonts/font24.o
                                 0x44 (size before relaxing)
 .comment       0x00000043       0x44 ./Core/Lib/ili9341/ili9325.o
 .comment       0x00000043       0x44 ./Core/Lib/stm32f1xx/lcd_io_gpio16.o
 .comment       0x00000043       0x44 ./Core/Src/main.o
 .comment       0x00000043       0x44 ./Core/Src/stm32f1xx_hal_msp.o
 .comment       0x00000043       0x44 ./Core/Src/stm32f1xx_it.o
 .comment       0x00000043       0x44 ./Core/Src/system_stm32f1xx.o
 .comment       0x00000043       0x44 ./Drivers/STM32F1xx_HAL_Driver/Src/stm32f1xx_hal.o
 .comment       0x00000043       0x44 ./Drivers/STM32F1xx_HAL_Driver/Src/stm32f1xx_hal_cortex.o
 .comment       0x00000043       0x44 ./Drivers/STM32F1xx_HAL_Driver/Src/stm32f1xx_hal_gpio.o
 .comment       0x00000043       0x44 ./Drivers/STM32F1xx_HAL_Driver/Src/stm32f1xx_hal_rcc.o

.debug_rnglists
                0x00000000      0x3d8
 .debug_rnglists
                0x00000000       0x79 ./Core/Lib/ili9341/ili9325.o
 .debug_rnglists
                0x00000079       0x92 ./Core/Lib/stm32f1xx/lcd_io_gpio16.o
 .debug_rnglists
                0x0000010b       0x3b ./Core/Src/main.o
 .debug_rnglists
                0x00000146       0x13 ./Core/Src/stm32f1xx_hal_msp.o
 .debug_rnglists
                0x00000159       0x43 ./Core/Src/stm32f1xx_it.o
 .debug_rnglists
                0x0000019c       0x1a ./Core/Src/system_stm32f1xx.o
 .debug_rnglists
                0x000001b6       0x19 ./Core/Startup/startup_stm32f107vctx.o
 .debug_rnglists
                0x000001cf       0xa3 ./Drivers/STM32F1xx_HAL_Driver/Src/stm32f1xx_hal.o
 .debug_rnglists
                0x00000272       0xbb ./Drivers/STM32F1xx_HAL_Driver/Src/stm32f1xx_hal_cortex.o
 .debug_rnglists
                0x0000032d       0x3f ./Drivers/STM32F1xx_HAL_Driver/Src/stm32f1xx_hal_gpio.o
 .debug_rnglists
                0x0000036c       0x6c ./Drivers/STM32F1xx_HAL_Driver/Src/stm32f1xx_hal_rcc.o

.debug_frame    0x00000000     0x1358
 .debug_frame   0x00000000      0x26c ./Core/Lib/ili9341/ili9325.o
 .debug_frame   0x0000026c      0x2e0 ./Core/Lib/stm32f1xx/lcd_io_gpio16.o
 .debug_frame   0x0000054c      0x104 ./Core/Src/main.o
 .debug_frame   0x00000650       0x38 ./Core/Src/stm32f1xx_hal_msp.o
 .debug_frame   0x00000688      0x104 ./Core/Src/stm32f1xx_it.o
 .debug_frame   0x0000078c       0x58 ./Core/Src/system_stm32f1xx.o
 .debug_frame   0x000007e4      0x334 ./Drivers/STM32F1xx_HAL_Driver/Src/stm32f1xx_hal.o
 .debug_frame   0x00000b18      0x428 ./Drivers/STM32F1xx_HAL_Driver/Src/stm32f1xx_hal_cortex.o
 .debug_frame   0x00000f40      0x14c ./Drivers/STM32F1xx_HAL_Driver/Src/stm32f1xx_hal_gpio.o
 .debug_frame   0x0000108c      0x220 ./Drivers/STM32F1xx_HAL_Driver/Src/stm32f1xx_hal_rcc.o
 .debug_frame   0x000012ac       0x20 /opt/st/stm32cubeide_1.19.0/plugins/com.st.stm32cube.ide.mcu.externaltools.gnu-tools-for-stm32.13.3.rel1.linux64_1.0.0.202410170706/tools/bin/../lib/gcc/arm-none-eabi/13.3.1/../../../../arm-none-eabi/lib/thumb/v7-m/nofp/libc_nano.a(libc_a-memset.o)
 .debug_frame   0x000012cc       0x2c /opt/st/stm32cubeide_1.19.0/plugins/com.st.stm32cube.ide.mcu.externaltools.gnu-tools-for-stm32.13.3.rel1.linux64_1.0.0.202410170706/tools/bin/../lib/gcc/arm-none-eabi/13.3.1/../../../../arm-none-eabi/lib/thumb/v7-m/nofp/libc_nano.a(libc_a-init.o)
 .debug_frame   0x000012f8       0x2c /opt/st/stm32cubeide_1.19.0/plugins/com.st.stm32cube.ide.mcu.externaltools.gnu-tools-for-stm32.13.3.rel1.linux64_1.0.0.202410170706/tools/bin/../lib/gcc/arm-none-eabi/13.3.1/thumb/v7-m/nofp/libgcc.a(_aeabi_uldivmod.o)
 .debug_frame   0x00001324       0x34 /opt/st/stm32cubeide_1.19.0/plugins/com.st.stm32cube.ide.mcu.externaltools.gnu-tools-for-stm32.13.3.rel1.linux64_1.0.0.202410170706/tools/bin/../lib/gcc/arm-none-eabi/13.3.1/thumb/v7-m/nofp/libgcc.a(_udivmoddi4.o)

.debug_line_str
                0x00000000       0x6c
 .debug_line_str
                0x00000000       0x6c ./Core/Startup/startup_stm32f107vctx.o
