../Core/Lib/stm32f1xx/lcd_io_gpio16.c:272:6:LCD_IO_Delay	16	static
../Core/Lib/stm32f1xx/lcd_io_gpio16.c:283:6:LCD_Delay	16	static
../Core/Lib/stm32f1xx/lcd_io_gpio16.c:289:6:LCD_IO_Bl_OnOff	16	static
../Core/Lib/stm32f1xx/lcd_io_gpio16.c:300:6:LCD_IO_Init	8	static
../Core/Lib/stm32f1xx/lcd_io_gpio16.c:370:6:LCD_IO_WriteCmd8	16	static
../Core/Lib/stm32f1xx/lcd_io_gpio16.c:378:6:LCD_IO_WriteCmd16	16	static
../Core/Lib/stm32f1xx/lcd_io_gpio16.c:386:6:LCD_IO_WriteData8	16	static
../Core/Lib/stm32f1xx/lcd_io_gpio16.c:394:6:LCD_IO_WriteData16	16	static
../Core/Lib/stm32f1xx/lcd_io_gpio16.c:402:6:LCD_IO_WriteCmd8DataFill16	16	static
../Core/Lib/stm32f1xx/lcd_io_gpio16.c:414:6:LCD_IO_WriteCmd8MultipleData8	24	static
../Core/Lib/stm32f1xx/lcd_io_gpio16.c:428:6:LCD_IO_WriteCmd8MultipleData16	24	static
../Core/Lib/stm32f1xx/lcd_io_gpio16.c:441:6:LCD_IO_WriteCmd16DataFill16	16	static
../Core/Lib/stm32f1xx/lcd_io_gpio16.c:453:6:LCD_IO_WriteCmd16MultipleData8	24	static
../Core/Lib/stm32f1xx/lcd_io_gpio16.c:466:6:LCD_IO_WriteCmd16MultipleData16	24	static
../Core/Lib/stm32f1xx/lcd_io_gpio16.c:480:6:LCD_IO_ReadCmd8MultipleData8	32	static
../Core/Lib/stm32f1xx/lcd_io_gpio16.c:499:6:LCD_IO_ReadCmd8MultipleData16	24	static
../Core/Lib/stm32f1xx/lcd_io_gpio16.c:518:6:LCD_IO_ReadCmd8MultipleData24to16	32	static
../Core/Lib/stm32f1xx/lcd_io_gpio16.c:549:6:LCD_IO_ReadCmd16MultipleData8	32	static
../Core/Lib/stm32f1xx/lcd_io_gpio16.c:568:6:LCD_IO_ReadCmd16MultipleData16	32	static
../Core/Lib/stm32f1xx/lcd_io_gpio16.c:587:6:LCD_IO_ReadCmd16MultipleData24to16	32	static
